fatsic@raspberry:~/web-server $ ls -l /dev/ttyACM0
crw-rw---- 1 root dialout 166, 0 Dec 19 11:01 /dev/ttyACM0
fatsic@raspberry:~/web-server $ sudo apt-get install -y screen
Reading package lists... Done
Building dependency tree... Done
Reading state information... Done
The following packages were automatically installed and are no longer required:
  libmanette-0.2-0 libopengl0 libre2-9 libwpe-1.0-1 libwpebackend-fdo-1.0-1
  sse3-support
Use 'sudo apt autoremove' to remove them.
The following additional packages will be installed:
  libutempter0
Suggested packages:
  byobu | screenie | iselect
The following NEW packages will be installed:
  libutempter0 screen
0 upgraded, 2 newly installed, 0 to remove and 2 not upgraded.
Need to get 626 kB of archives.
After this operation, 1,139 kB of additional disk space will be used.
Get:1 http://deb.debian.org/debian bullseye/main i386 libutempter0 i386 1.2.1-2 [9,260 B]
Get:2 http://deb.debian.org/debian bullseye/main i386 screen i386 4.8.0-6 [617 kB]
Fetched 626 kB in 1s (837 kB/s)
Selecting previously unselected package libutempter0:i386.
(Reading database ... 166511 files and directories currently installed.)
Preparing to unpack .../libutempter0_1.2.1-2_i386.deb ...
Unpacking libutempter0:i386 (1.2.1-2) ...
Selecting previously unselected package screen.
Preparing to unpack .../screen_4.8.0-6_i386.deb ...
Unpacking screen (4.8.0-6) ...
Setting up libutempter0:i386 (1.2.1-2) ...
Setting up screen (4.8.0-6) ...
Processing triggers for libc-bin (2.31-13+deb11u13) ...
Processing triggers for man-db (2.9.4-2) ...
fatsic@raspberry:~/web-server $ sudo screen /dev/ttyACM0 9600
[screen is terminating]
fatsic@raspberry:~/web-server $ sudo screen /dev/ttyACM0 9600
[screen is terminating]
fatsic@raspberry:~/web-server $ dmesg | tail -n 30
dmesg: read kernel buffer failed: Operation not permitted
fatsic@raspberry:~/web-server $ sudo apt-get install -y python3-serial
python3 -c "import serial; s=serial.Serial('/dev/ttyACM0',9600,timeout=2); print(repr(s.readline()))"
Reading package lists... Done
Building dependency tree... Done
Reading state information... Done
python3-serial is already the newest version (3.5~b0-1).
The following packages were automatically installed and are no longer required:
  libmanette-0.2-0 libopengl0 libre2-9 libwpe-1.0-1 libwpebackend-fdo-1.0-1
  sse3-support
Use 'sudo apt autoremove' to remove them.
0 upgraded, 0 newly installed, 0 to remove and 2 not upgraded.
b''
fatsic@raspberry:~/web-server $ 


